Archive member included because of file (symbol)

/usr/local/Cellar/pebble-sdk/3.6.2/Pebble/basalt/lib/libpebble.a(tmph8hxX3pebble.o)
                              src/big_timedate.c.13.o (accel_tap_service_subscribe)

Discarded input sections

 .text          0x0000000000000000        0x0 /usr/local/Cellar/pebble-toolchain/2.0/arm-cs-tools/bin/../lib/gcc/arm-none-eabi/4.7.2/thumb2/crti.o
 .bss           0x0000000000000000        0x0 /usr/local/Cellar/pebble-toolchain/2.0/arm-cs-tools/bin/../lib/gcc/arm-none-eabi/4.7.2/thumb2/crti.o
 .init          0x0000000000000000        0x4 /usr/local/Cellar/pebble-toolchain/2.0/arm-cs-tools/bin/../lib/gcc/arm-none-eabi/4.7.2/thumb2/crti.o
 .fini          0x0000000000000000        0x4 /usr/local/Cellar/pebble-toolchain/2.0/arm-cs-tools/bin/../lib/gcc/arm-none-eabi/4.7.2/thumb2/crti.o
 .text          0x0000000000000000       0xc8 /usr/local/Cellar/pebble-toolchain/2.0/arm-cs-tools/bin/../lib/gcc/arm-none-eabi/4.7.2/thumb2/crtbegin.o
 .bss           0x0000000000000000       0x1c /usr/local/Cellar/pebble-toolchain/2.0/arm-cs-tools/bin/../lib/gcc/arm-none-eabi/4.7.2/thumb2/crtbegin.o
 .init_array    0x0000000000000000        0x4 /usr/local/Cellar/pebble-toolchain/2.0/arm-cs-tools/bin/../lib/gcc/arm-none-eabi/4.7.2/thumb2/crtbegin.o
 .fini_array    0x0000000000000000        0x4 /usr/local/Cellar/pebble-toolchain/2.0/arm-cs-tools/bin/../lib/gcc/arm-none-eabi/4.7.2/thumb2/crtbegin.o
 .eh_frame      0x0000000000000000        0x0 /usr/local/Cellar/pebble-toolchain/2.0/arm-cs-tools/bin/../lib/gcc/arm-none-eabi/4.7.2/thumb2/crtbegin.o
 .jcr           0x0000000000000000        0x0 /usr/local/Cellar/pebble-toolchain/2.0/arm-cs-tools/bin/../lib/gcc/arm-none-eabi/4.7.2/thumb2/crtbegin.o
 .tm_clone_table
                0x0000000000000000        0x0 /usr/local/Cellar/pebble-toolchain/2.0/arm-cs-tools/bin/../lib/gcc/arm-none-eabi/4.7.2/thumb2/crtbegin.o
 .text          0x0000000000000000        0x0 src/big_timedate.c.13.o
 .bss           0x0000000000000000        0x0 src/big_timedate.c.13.o
 .text          0x0000000000000000        0x0 src/gbitmap_color_palette_manipulator.c.13.o
 .bss           0x0000000000000000        0x0 src/gbitmap_color_palette_manipulator.c.13.o
 .text.get_gbitmapformat_text
                0x0000000000000000       0x4c src/gbitmap_color_palette_manipulator.c.13.o
 .text.gbitmap_color_palette_contains_color
                0x0000000000000000       0x30 src/gbitmap_color_palette_manipulator.c.13.o
 .text.get_gcolor_text
                0x0000000000000000       0x28 src/gbitmap_color_palette_manipulator.c.13.o
 .text.spit_gbitmap_color_palette
                0x0000000000000000       0x98 src/gbitmap_color_palette_manipulator.c.13.o
 .data.rel.local.GColorsNames
                0x0000000000000000      0x100 src/gbitmap_color_palette_manipulator.c.13.o
 .rodata.str1.1
                0x0000000000000000      0x53e src/gbitmap_color_palette_manipulator.c.13.o
 .text          0x0000000000000000        0x0 basalt/appinfo.auto.c.13.o
 .bss           0x0000000000000000        0x0 basalt/appinfo.auto.c.13.o
 .bss           0x0000000000000000        0x0 /usr/local/Cellar/pebble-sdk/3.6.2/Pebble/basalt/lib/libpebble.a(tmph8hxX3pebble.o)
 .text.accel_data_service_subscribe__deprecated
                0x0000000000000000        0xc /usr/local/Cellar/pebble-sdk/3.6.2/Pebble/basalt/lib/libpebble.a(tmph8hxX3pebble.o)
 .text.accel_data_service_unsubscribe
                0x0000000000000000        0xc /usr/local/Cellar/pebble-sdk/3.6.2/Pebble/basalt/lib/libpebble.a(tmph8hxX3pebble.o)
 .text.accel_service_peek
                0x0000000000000000        0xc /usr/local/Cellar/pebble-sdk/3.6.2/Pebble/basalt/lib/libpebble.a(tmph8hxX3pebble.o)
 .text.accel_service_set_samples_per_update
                0x0000000000000000        0xc /usr/local/Cellar/pebble-sdk/3.6.2/Pebble/basalt/lib/libpebble.a(tmph8hxX3pebble.o)
 .text.accel_service_set_sampling_rate
                0x0000000000000000        0xc /usr/local/Cellar/pebble-sdk/3.6.2/Pebble/basalt/lib/libpebble.a(tmph8hxX3pebble.o)
 .text.action_bar_layer_legacy2_add_to_window
                0x0000000000000000        0xc /usr/local/Cellar/pebble-sdk/3.6.2/Pebble/basalt/lib/libpebble.a(tmph8hxX3pebble.o)
 .text.action_bar_layer_legacy2_clear_icon
                0x0000000000000000        0xc /usr/local/Cellar/pebble-sdk/3.6.2/Pebble/basalt/lib/libpebble.a(tmph8hxX3pebble.o)
 .text.action_bar_layer_legacy2_create
                0x0000000000000000        0xc /usr/local/Cellar/pebble-sdk/3.6.2/Pebble/basalt/lib/libpebble.a(tmph8hxX3pebble.o)
 .text.action_bar_layer_legacy2_destroy
                0x0000000000000000        0xc /usr/local/Cellar/pebble-sdk/3.6.2/Pebble/basalt/lib/libpebble.a(tmph8hxX3pebble.o)
 .text.action_bar_layer_legacy2_get_layer
                0x0000000000000000        0xc /usr/local/Cellar/pebble-sdk/3.6.2/Pebble/basalt/lib/libpebble.a(tmph8hxX3pebble.o)
 .text.action_bar_layer_legacy2_remove_from_window
[...]
Memory Configuration

Name             Origin             Length             Attributes
APP              0x0000000000000000 0x0000000000010000 xrw
*default*        0x0000000000000000 0xffffffffffffffff

Linker script and memory map

LOAD /usr/local/Cellar/pebble-toolchain/2.0/arm-cs-tools/bin/../lib/gcc/arm-none-eabi/4.7.2/thumb2/crti.o
LOAD /usr/local/Cellar/pebble-toolchain/2.0/arm-cs-tools/bin/../lib/gcc/arm-none-eabi/4.7.2/thumb2/crtbegin.o
LOAD src/big_timedate.c.13.o
LOAD src/gbitmap_color_palette_manipulator.c.13.o
LOAD basalt/appinfo.auto.c.13.o
LOAD /usr/local/Cellar/pebble-sdk/3.6.2/Pebble/basalt/lib/libpebble.a
START GROUP
LOAD /usr/local/Cellar/pebble-toolchain/2.0/arm-cs-tools/bin/../lib/gcc/arm-none-eabi/4.7.2/thumb2/libgcc.a
LOAD /usr/local/Cellar/pebble-toolchain/2.0/arm-cs-tools/bin/../lib/gcc/arm-none-eabi/4.7.2/../../../../arm-none-eabi/lib/thumb2/libc.a
END GROUP
LOAD /usr/local/Cellar/pebble-toolchain/2.0/arm-cs-tools/bin/../lib/gcc/arm-none-eabi/4.7.2/thumb2/crtend.o
LOAD /usr/local/Cellar/pebble-toolchain/2.0/arm-cs-tools/bin/../lib/gcc/arm-none-eabi/4.7.2/thumb2/crtn.o

.header         0x0000000000000000       0x82
 *(.pbl_header)
 .pbl_header    0x0000000000000000       0x82 basalt/appinfo.auto.c.13.o
                0x0000000000000000                __pbl_app_info

.note.gnu.build-id
                0x0000000000000082       0x26
                0x0000000000000082                PROVIDE (BUILD_ID, .)
 *(.note.gnu.build-id)
 *fill*         0x0000000000000082        0x2 
 .note.gnu.build-id
                0x0000000000000084       0x24 linker stubs

.text           0x00000000000000a8      0x8db
 *(.text)
 .text          0x00000000000000a8       0x14 /usr/local/Cellar/pebble-sdk/3.6.2/Pebble/basalt/lib/libpebble.a(tmph8hxX3pebble.o)
 *(.text.*)
 .text.unload_digit_image_from_slot.part.0
                0x00000000000000bc       0x44 src/big_timedate.c.13.o
 .text.display_value
                0x0000000000000100      0x320 src/big_timedate.c.13.o
 .text.display_time
                0x0000000000000420       0x3a src/big_timedate.c.13.o
 .text.inbox_received_handler
                0x000000000000045a       0xaa src/big_timedate.c.13.o
 .text.auto_redisplay_time
                0x0000000000000504       0x40 src/big_timedate.c.13.o
 .text.tick_handler
                0x0000000000000544        0x4 src/big_timedate.c.13.o
 .text.main_window_load
                0x0000000000000548       0x34 src/big_timedate.c.13.o
 .text.tap_handler
                0x000000000000057c       0x70 src/big_timedate.c.13.o
 .text.main_window_unload
                0x00000000000005ec       0x24 src/big_timedate.c.13.o
 .text.startup.main
                0x0000000000000610       0xa0 src/big_timedate.c.13.o
                0x0000000000000610                main
 .text.get_num_palette_colors
                0x00000000000006b0       0x20 src/gbitmap_color_palette_manipulator.c.13.o
                0x00000000000006b0                get_num_palette_colors
 .text.replace_gbitmap_color
                0x00000000000006d0       0x50 src/gbitmap_color_palette_manipulator.c.13.o
                0x00000000000006d0                replace_gbitmap_color
 .text.gbitmap_fill_all_except
                0x0000000000000720       0x6e src/gbitmap_color_palette_manipulator.c.13.o
                0x0000000000000720                gbitmap_fill_all_except
 *fill*         0x000000000000078e        0x2 
 .text.accel_tap_service_subscribe
                0x0000000000000790        0xc /usr/local/Cellar/pebble-sdk/3.6.2/Pebble/basalt/lib/libpebble.a(tmph8hxX3pebble.o)
                0x0000000000000790                accel_tap_service_subscribe
 .text.accel_tap_service_unsubscribe
                0x000000000000079c        0xc /usr/local/Cellar/pebble-sdk/3.6.2/Pebble/basalt/lib/libpebble.a(tmph8hxX3pebble.o)
                0x000000000000079c                accel_tap_service_unsubscribe
 .text.app_event_loop
                0x00000000000007a8        0xc /usr/local/Cellar/pebble-sdk/3.6.2/Pebble/basalt/lib/libpebble.a(tmph8hxX3pebble.o)
                0x00000000000007a8                app_event_loop
 .text.app_message_open
                0x00000000000007b4        0xc /usr/local/Cellar/pebble-sdk/3.6.2/Pebble/basalt/lib/libpebble.a(tmph8hxX3pebble.o)
                0x00000000000007b4                app_message_open
 .text.app_timer_cancel
                0x00000000000007c0        0xc /usr/local/Cellar/pebble-sdk/3.6.2/Pebble/basalt/lib/libpebble.a(tmph8hxX3pebble.o)
                0x00000000000007c0                app_timer_cancel
 .text.app_timer_register
                0x00000000000007cc        0xc /usr/local/Cellar/pebble-sdk/3.6.2/Pebble/basalt/lib/libpebble.a(tmph8hxX3pebble.o)
                0x00000000000007cc                app_timer_register
 .text.bitmap_layer_create
                0x00000000000007d8        0xc /usr/local/Cellar/pebble-sdk/3.6.2/Pebble/basalt/lib/libpebble.a(tmph8hxX3pebble.o)
                0x00000000000007d8                bitmap_layer_create
 .text.bitmap_layer_destroy
                0x00000000000007e4        0xc /usr/local/Cellar/pebble-sdk/3.6.2/Pebble/basalt/lib/libpebble.a(tmph8hxX3pebble.o)
                0x00000000000007e4                bitmap_layer_destroy
 .text.bitmap_layer_get_layer
                0x00000000000007f0        0xc /usr/local/Cellar/pebble-sdk/3.6.2/Pebble/basalt/lib/libpebble.a(tmph8hxX3pebble.o)
                0x00000000000007f0                bitmap_layer_get_layer
 .text.bitmap_layer_set_bitmap
                0x00000000000007fc        0xc /usr/local/Cellar/pebble-sdk/3.6.2/Pebble/basalt/lib/libpebble.a(tmph8hxX3pebble.o)
                0x00000000000007fc                bitmap_layer_set_bitmap
 .text.clock_is_24h_style
                0x0000000000000808        0xc /usr/local/Cellar/pebble-sdk/3.6.2/Pebble/basalt/lib/libpebble.a(tmph8hxX3pebble.o)
                0x0000000000000808                clock_is_24h_style
 .text.dict_find
                0x0000000000000814        0xc /usr/local/Cellar/pebble-sdk/3.6.2/Pebble/basalt/lib/libpebble.a(tmph8hxX3pebble.o)
                0x0000000000000814                dict_find
 .text.gbitmap_create_with_resource
                0x0000000000000820        0xc /usr/local/Cellar/pebble-sdk/3.6.2/Pebble/basalt/lib/libpebble.a(tmph8hxX3pebble.o)
                0x0000000000000820                gbitmap_create_with_resource
 .text.gbitmap_destroy
                0x000000000000082c        0xc /usr/local/Cellar/pebble-sdk/3.6.2/Pebble/basalt/lib/libpebble.a(tmph8hxX3pebble.o)
                0x000000000000082c                gbitmap_destroy
 .text.layer_add_child
                0x0000000000000838        0xc /usr/local/Cellar/pebble-sdk/3.6.2/Pebble/basalt/lib/libpebble.a(tmph8hxX3pebble.o)
                0x0000000000000838                layer_add_child
 .text.layer_get_bounds
                0x0000000000000844        0xc /usr/local/Cellar/pebble-sdk/3.6.2/Pebble/basalt/lib/libpebble.a(tmph8hxX3pebble.o)
                0x0000000000000844                layer_get_bounds
 .text.layer_mark_dirty
                0x0000000000000850        0xc /usr/local/Cellar/pebble-sdk/3.6.2/Pebble/basalt/lib/libpebble.a(tmph8hxX3pebble.o)
                0x0000000000000850                layer_mark_dirty
 .text.layer_remove_from_parent
                0x000000000000085c        0xc /usr/local/Cellar/pebble-sdk/3.6.2/Pebble/basalt/lib/libpebble.a(tmph8hxX3pebble.o)
                0x000000000000085c                layer_remove_from_parent
 .text.memset   0x0000000000000868        0xc /usr/local/Cellar/pebble-sdk/3.6.2/Pebble/basalt/lib/libpebble.a(tmph8hxX3pebble.o)
                0x0000000000000868                memset
 .text.persist_read_int
                0x0000000000000874        0xc /usr/local/Cellar/pebble-sdk/3.6.2/Pebble/basalt/lib/libpebble.a(tmph8hxX3pebble.o)
                0x0000000000000874                persist_read_int
 .text.persist_write_int
                0x0000000000000880        0xc /usr/local/Cellar/pebble-sdk/3.6.2/Pebble/basalt/lib/libpebble.a(tmph8hxX3pebble.o)
                0x0000000000000880                persist_write_int
 .text.tick_timer_service_subscribe
                0x000000000000088c        0xc /usr/local/Cellar/pebble-sdk/3.6.2/Pebble/basalt/lib/libpebble.a(tmph8hxX3pebble.o)
                0x000000000000088c                tick_timer_service_subscribe
 .text.tick_timer_service_unsubscribe
                0x0000000000000898        0xc /usr/local/Cellar/pebble-sdk/3.6.2/Pebble/basalt/lib/libpebble.a(tmph8hxX3pebble.o)
                0x0000000000000898                tick_timer_service_unsubscribe
 .text.window_create
                0x00000000000008a4        0xc /usr/local/Cellar/pebble-sdk/3.6.2/Pebble/basalt/lib/libpebble.a(tmph8hxX3pebble.o)
                0x00000000000008a4                window_create
 .text.window_destroy
                0x00000000000008b0        0xc /usr/local/Cellar/pebble-sdk/3.6.2/Pebble/basalt/lib/libpebble.a(tmph8hxX3pebble.o)
                0x00000000000008b0                window_destroy
 .text.window_get_root_layer
                0x00000000000008bc        0xc /usr/local/Cellar/pebble-sdk/3.6.2/Pebble/basalt/lib/libpebble.a(tmph8hxX3pebble.o)
                0x00000000000008bc                window_get_root_layer
 .text.window_set_window_handlers
                0x00000000000008c8        0xc /usr/local/Cellar/pebble-sdk/3.6.2/Pebble/basalt/lib/libpebble.a(tmph8hxX3pebble.o)
                0x00000000000008c8                window_set_window_handlers
 .text.window_stack_push
                0x00000000000008d4        0xc /usr/local/Cellar/pebble-sdk/3.6.2/Pebble/basalt/lib/libpebble.a(tmph8hxX3pebble.o)
                0x00000000000008d4                window_stack_push
 .text.app_message_inbox_size_maximum
                0x00000000000008e0        0xc /usr/local/Cellar/pebble-sdk/3.6.2/Pebble/basalt/lib/libpebble.a(tmph8hxX3pebble.o)
                0x00000000000008e0                app_message_inbox_size_maximum
 .text.app_message_outbox_size_maximum
                0x00000000000008ec        0xc /usr/local/Cellar/pebble-sdk/3.6.2/Pebble/basalt/lib/libpebble.a(tmph8hxX3pebble.o)
                0x00000000000008ec                app_message_outbox_size_maximum
 .text.app_message_register_inbox_received
                0x00000000000008f8        0xc /usr/local/Cellar/pebble-sdk/3.6.2/Pebble/basalt/lib/libpebble.a(tmph8hxX3pebble.o)
                0x00000000000008f8                app_message_register_inbox_received
 .text.gcolor_equal
                0x0000000000000904        0xc /usr/local/Cellar/pebble-sdk/3.6.2/Pebble/basalt/lib/libpebble.a(tmph8hxX3pebble.o)
                0x0000000000000904                gcolor_equal
 .text.window_set_background_color
                0x0000000000000910        0xc /usr/local/Cellar/pebble-sdk/3.6.2/Pebble/basalt/lib/libpebble.a(tmph8hxX3pebble.o)
                0x0000000000000910                window_set_background_color
 .text.localtime
                0x000000000000091c        0xc /usr/local/Cellar/pebble-sdk/3.6.2/Pebble/basalt/lib/libpebble.a(tmph8hxX3pebble.o)
                0x000000000000091c                localtime
 .text.gbitmap_get_bounds
                0x0000000000000928        0xc /usr/local/Cellar/pebble-sdk/3.6.2/Pebble/basalt/lib/libpebble.a(tmph8hxX3pebble.o)
                0x0000000000000928                gbitmap_get_bounds
 .text.gbitmap_get_format
                0x0000000000000934        0xc /usr/local/Cellar/pebble-sdk/3.6.2/Pebble/basalt/lib/libpebble.a(tmph8hxX3pebble.o)
                0x0000000000000934                gbitmap_get_format
 .text.gbitmap_get_palette
                0x0000000000000940        0xc /usr/local/Cellar/pebble-sdk/3.6.2/Pebble/basalt/lib/libpebble.a(tmph8hxX3pebble.o)
                0x0000000000000940                gbitmap_get_palette
 .text.time     0x000000000000094c        0xc /usr/local/Cellar/pebble-sdk/3.6.2/Pebble/basalt/lib/libpebble.a(tmph8hxX3pebble.o)
                0x000000000000094c                time
 *(.rodata)
 *(.rodata*)
 .rodata.IMAGE_RESOURCE_IDS
                0x0000000000000958       0x28 src/big_timedate.c.13.o
                0x0000000000000958                IMAGE_RESOURCE_IDS
 .rodata.CSWTCH.7
                0x0000000000000980        0x3 src/gbitmap_color_palette_manipulator.c.13.o

.glue_7         0x0000000000000984        0x0
 .glue_7        0x0000000000000000        0x0 linker stubs

.glue_7t        0x0000000000000984        0x0
 .glue_7t       0x0000000000000000        0x0 linker stubs

.vfp11_veneer   0x0000000000000984        0x0
 .vfp11_veneer  0x0000000000000000        0x0 linker stubs

.v4_bx          0x0000000000000984        0x0
 .v4_bx         0x0000000000000000        0x0 linker stubs

.iplt           0x0000000000000984        0x0
 .iplt          0x0000000000000000        0x0 /usr/local/Cellar/pebble-toolchain/2.0/arm-cs-tools/bin/../lib/gcc/arm-none-eabi/4.7.2/thumb2/crtbegin.o

.rel.dyn        0x0000000000000984        0x0
 .rel.iplt      0x0000000000000000        0x0 /usr/local/Cellar/pebble-toolchain/2.0/arm-cs-tools/bin/../lib/gcc/arm-none-eabi/4.7.2/thumb2/crtbegin.o

.data           0x0000000000000984       0x14
 *(.data)
 .data          0x0000000000000984        0x0 /usr/local/Cellar/pebble-toolchain/2.0/arm-cs-tools/bin/../lib/gcc/arm-none-eabi/4.7.2/thumb2/crti.o
 .data          0x0000000000000984        0x4 /usr/local/Cellar/pebble-toolchain/2.0/arm-cs-tools/bin/../lib/gcc/arm-none-eabi/4.7.2/thumb2/crtbegin.o
                0x0000000000000984                __dso_handle
 .data          0x0000000000000988        0x0 src/big_timedate.c.13.o
 .data          0x0000000000000988        0x0 src/gbitmap_color_palette_manipulator.c.13.o
 .data          0x0000000000000988        0x0 basalt/appinfo.auto.c.13.o
 .data          0x0000000000000988        0x0 /usr/local/Cellar/pebble-sdk/3.6.2/Pebble/basalt/lib/libpebble.a(tmph8hxX3pebble.o)
 .data          0x0000000000000988        0x0 /usr/local/Cellar/pebble-toolchain/2.0/arm-cs-tools/bin/../lib/gcc/arm-none-eabi/4.7.2/thumb2/crtend.o
 .data          0x0000000000000988        0x0 /usr/local/Cellar/pebble-toolchain/2.0/arm-cs-tools/bin/../lib/gcc/arm-none-eabi/4.7.2/thumb2/crtn.o
 *(.data.*)
 .data.s_image_slot_state
                0x0000000000000988       0x10 src/big_timedate.c.13.o

.igot.plt       0x0000000000000998        0x0
 .igot.plt      0x0000000000000000        0x0 /usr/local/Cellar/pebble-toolchain/2.0/arm-cs-tools/bin/../lib/gcc/arm-none-eabi/4.7.2/thumb2/crtbegin.o

.bss            0x0000000000000998       0x2c
 *(.bss)
 *(.bss.*)
 .bss.s_image_layers
                0x0000000000000998       0x10 src/big_timedate.c.13.o
 .bss.app_timer
                0x00000000000009a8        0x4 src/big_timedate.c.13.o
 .bss.s_images  0x00000000000009ac       0x14 src/big_timedate.c.13.o
 .bss.s_main_window
                0x00000000000009c0        0x4 src/big_timedate.c.13.o

DISCARD
 libc.a(*)
 libm.a(*)
 libgcc.a(*)
 *(.eh_frame)
OUTPUT(/Users/kevin/Big-Time-DateColour/build/basalt/pebble-app.elf elf32-littlearm)

.ARM.attributes
                0x0000000000000000       0x27
 .ARM.attributes
                0x0000000000000000       0x19 /usr/local/Cellar/pebble-toolchain/2.0/arm-cs-tools/bin/../lib/gcc/arm-none-eabi/4.7.2/thumb2/crti.o
 .ARM.attributes
                0x0000000000000019       0x29 /usr/local/Cellar/pebble-toolchain/2.0/arm-cs-tools/bin/../lib/gcc/arm-none-eabi/4.7.2/thumb2/crtbegin.o
 .ARM.attributes
                0x0000000000000042       0x33 src/big_timedate.c.13.o
 .ARM.attributes
                0x0000000000000075       0x33 src/gbitmap_color_palette_manipulator.c.13.o
 .ARM.attributes
                0x00000000000000a8       0x33 basalt/appinfo.auto.c.13.o
 .ARM.attributes
                0x00000000000000db       0x21 /usr/local/Cellar/pebble-sdk/3.6.2/Pebble/basalt/lib/libpebble.a(tmph8hxX3pebble.o)
 .ARM.attributes
                0x00000000000000fc       0x29 /usr/local/Cellar/pebble-toolchain/2.0/arm-cs-tools/bin/../lib/gcc/arm-none-eabi/4.7.2/thumb2/crtend.o
 .ARM.attributes
                0x0000000000000125       0x19 /usr/local/Cellar/pebble-toolchain/2.0/arm-cs-tools/bin/../lib/gcc/arm-none-eabi/4.7.2/thumb2/crtn.o

.comment        0x0000000000000000       0x4e
 .comment       0x0000000000000000       0x4e /usr/local/Cellar/pebble-toolchain/2.0/arm-cs-tools/bin/../lib/gcc/arm-none-eabi/4.7.2/thumb2/crtbegin.o
                                         0x4f (size before relaxing)
 .comment       0x0000000000000000       0x4f src/big_timedate.c.13.o
 .comment       0x0000000000000000       0x4f src/gbitmap_color_palette_manipulator.c.13.o
 .comment       0x0000000000000000       0x4f basalt/appinfo.auto.c.13.o
 .comment       0x0000000000000000       0x4f /usr/local/Cellar/pebble-toolchain/2.0/arm-cs-tools/bin/../lib/gcc/arm-none-eabi/4.7.2/thumb2/crtend.o

.debug_info     0x0000000000000000     0x20a3
 .debug_info    0x0000000000000000     0x1638 src/big_timedate.c.13.o
 .debug_info    0x0000000000001638      0x6fb src/gbitmap_color_palette_manipulator.c.13.o
 .debug_info    0x0000000000001d33      0x370 basalt/appinfo.auto.c.13.o

.debug_abbrev   0x0000000000000000      0x67d
 .debug_abbrev  0x0000000000000000      0x3b2 src/big_timedate.c.13.o
 .debug_abbrev  0x00000000000003b2      0x22d src/gbitmap_color_palette_manipulator.c.13.o
 .debug_abbrev  0x00000000000005df       0x9e basalt/appinfo.auto.c.13.o

.debug_loc      0x0000000000000000      0xbcc
 .debug_loc     0x0000000000000000      0x744 src/big_timedate.c.13.o
 .debug_loc     0x0000000000000744      0x488 src/gbitmap_color_palette_manipulator.c.13.o

.debug_aranges  0x0000000000000000       0xd0
 .debug_aranges
                0x0000000000000000       0x68 src/big_timedate.c.13.o
 .debug_aranges
                0x0000000000000068       0x50 src/gbitmap_color_palette_manipulator.c.13.o
 .debug_aranges
                0x00000000000000b8       0x18 basalt/appinfo.auto.c.13.o

.debug_ranges   0x0000000000000000      0x280
 .debug_ranges  0x0000000000000000      0x210 src/big_timedate.c.13.o
 .debug_ranges  0x0000000000000210       0x70 src/gbitmap_color_palette_manipulator.c.13.o

.debug_line     0x0000000000000000      0x735
 .debug_line    0x0000000000000000      0x3e4 src/big_timedate.c.13.o
 .debug_line    0x00000000000003e4      0x222 src/gbitmap_color_palette_manipulator.c.13.o
 .debug_line    0x0000000000000606      0x12f basalt/appinfo.auto.c.13.o

.debug_str      0x0000000000000000      0xfb1
 .debug_str     0x0000000000000000      0xb27 src/big_timedate.c.13.o
                                        0xbef (size before relaxing)
 .debug_str     0x0000000000000b27      0x278 src/gbitmap_color_palette_manipulator.c.13.o
                                        0x3d2 (size before relaxing)
 .debug_str     0x0000000000000d9f      0x212 basalt/appinfo.auto.c.13.o
                                        0x43d (size before relaxing)

.debug_frame    0x0000000000000000      0x218
 .debug_frame   0x0000000000000000      0x13c src/big_timedate.c.13.o
 .debug_frame   0x000000000000013c       0xdc src/gbitmap_color_palette_manipulator.c.13.o
